Introduce la capacidad de la tabla: Numero de telefono del contacto: Nombre del contacto: Posicion 0 | Vacia: 0 | Borrada: 0 | Telefono: 600000000 | Nombre: Jose
Posicion 1 | Vacia: 1 | Borrada: 0 | Telefono: 0 | Nombre: 
Posicion 2 | Vacia: 1 | Borrada: 0 | Telefono: 0 | Nombre: 
Posicion 3 | Vacia: 1 | Borrada: 0 | Telefono: 0 | Nombre: 
Posicion 4 | Vacia: 1 | Borrada: 0 | Telefono: 0 | Nombre: 
Posicion 5 | Vacia: 1 | Borrada: 0 | Telefono: 0 | Nombre: 
Posicion 6 | Vacia: 1 | Borrada: 0 | Telefono: 0 | Nombre: 
Posicion 7 | Vacia: 1 | Borrada: 0 | Telefono: 0 | Nombre: 
Posicion 8 | Vacia: 1 | Borrada: 0 | Telefono: 0 | Nombre: 
Posicion 9 | Vacia: 1 | Borrada: 0 | Telefono: 0 | Nombre: 
Numero de telefono del contacto: Nombre del contacto: Posicion 0 | Vacia: 0 | Borrada: 0 | Telefono: 600000000 | Nombre: Jose
Posicion 1 | Vacia: 0 | Borrada: 0 | Telefono: 600000001 | Nombre: Luis
Posicion 2 | Vacia: 1 | Borrada: 0 | Telefono: 0 | Nombre: 
Posicion 3 | Vacia: 1 | Borrada: 0 | Telefono: 0 | Nombre: 
Posicion 4 | Vacia: 1 | Borrada: 0 | Telefono: 0 | Nombre: 
Posicion 5 | Vacia: 1 | Borrada: 0 | Telefono: 0 | Nombre: 
Posicion 6 | Vacia: 1 | Borrada: 0 | Telefono: 0 | Nombre: 
Posicion 7 | Vacia: 1 | Borrada: 0 | Telefono: 0 | Nombre: 
Posicion 8 | Vacia: 1 | Borrada: 0 | Telefono: 0 | Nombre: 
Posicion 9 | Vacia: 1 | Borrada: 0 | Telefono: 0 | Nombre: 
Numero de telefono del contacto: Nombre del contacto: Posicion 0 | Vacia: 0 | Borrada: 0 | Telefono: 600000000 | Nombre: Jose
Posicion 1 | Vacia: 0 | Borrada: 0 | Telefono: 600000001 | Nombre: Luis
Posicion 2 | Vacia: 0 | Borrada: 0 | Telefono: 600000002 | Nombre: Pedro
Posicion 3 | Vacia: 1 | Borrada: 0 | Telefono: 0 | Nombre: 
Posicion 4 | Vacia: 1 | Borrada: 0 | Telefono: 0 | Nombre: 
Posicion 5 | Vacia: 1 | Borrada: 0 | Telefono: 0 | Nombre: 
Posicion 6 | Vacia: 1 | Borrada: 0 | Telefono: 0 | Nombre: 
Posicion 7 | Vacia: 1 | Borrada: 0 | Telefono: 0 | Nombre: 
Posicion 8 | Vacia: 1 | Borrada: 0 | Telefono: 0 | Nombre: 
Posicion 9 | Vacia: 1 | Borrada: 0 | Telefono: 0 | Nombre: 
Numero de telefono del contacto: Nombre del contacto: Posicion 0 | Vacia: 0 | Borrada: 0 | Telefono: 600000000 | Nombre: Jose
Posicion 1 | Vacia: 0 | Borrada: 0 | Telefono: 600000001 | Nombre: Luis
Posicion 2 | Vacia: 0 | Borrada: 0 | Telefono: 600000002 | Nombre: Pedro
Posicion 3 | Vacia: 0 | Borrada: 0 | Telefono: 600000003 | Nombre: Juan
Posicion 4 | Vacia: 1 | Borrada: 0 | Telefono: 0 | Nombre: 
Posicion 5 | Vacia: 1 | Borrada: 0 | Telefono: 0 | Nombre: 
Posicion 6 | Vacia: 1 | Borrada: 0 | Telefono: 0 | Nombre: 
Posicion 7 | Vacia: 1 | Borrada: 0 | Telefono: 0 | Nombre: 
Posicion 8 | Vacia: 1 | Borrada: 0 | Telefono: 0 | Nombre: 
Posicion 9 | Vacia: 1 | Borrada: 0 | Telefono: 0 | Nombre: 
Numero de telefono del contacto: Nombre del contacto: Posicion 0 | Vacia: 0 | Borrada: 0 | Telefono: 600000000 | Nombre: Jose
Posicion 1 | Vacia: 0 | Borrada: 0 | Telefono: 600000001 | Nombre: Luis
Posicion 2 | Vacia: 0 | Borrada: 0 | Telefono: 600000002 | Nombre: Pedro
Posicion 3 | Vacia: 0 | Borrada: 0 | Telefono: 600000003 | Nombre: Juan
Posicion 4 | Vacia: 0 | Borrada: 0 | Telefono: 600000004 | Nombre: Maria
Posicion 5 | Vacia: 1 | Borrada: 0 | Telefono: 0 | Nombre: 
Posicion 6 | Vacia: 1 | Borrada: 0 | Telefono: 0 | Nombre: 
Posicion 7 | Vacia: 1 | Borrada: 0 | Telefono: 0 | Nombre: 
Posicion 8 | Vacia: 1 | Borrada: 0 | Telefono: 0 | Nombre: 
Posicion 9 | Vacia: 1 | Borrada: 0 | Telefono: 0 | Nombre: 
Numero de telefono del contacto: Nombre del contacto: Posicion 0 | Vacia: 0 | Borrada: 0 | Telefono: 600000000 | Nombre: Jose
Posicion 1 | Vacia: 0 | Borrada: 0 | Telefono: 600000001 | Nombre: Luis
Posicion 2 | Vacia: 0 | Borrada: 0 | Telefono: 600000002 | Nombre: Pedro
Posicion 3 | Vacia: 0 | Borrada: 0 | Telefono: 600000003 | Nombre: Juan
Posicion 4 | Vacia: 0 | Borrada: 0 | Telefono: 600000004 | Nombre: Maria
Posicion 5 | Vacia: 0 | Borrada: 0 | Telefono: 600000005 | Nombre: Luisa
Posicion 6 | Vacia: 1 | Borrada: 0 | Telefono: 0 | Nombre: 
Posicion 7 | Vacia: 1 | Borrada: 0 | Telefono: 0 | Nombre: 
Posicion 8 | Vacia: 1 | Borrada: 0 | Telefono: 0 | Nombre: 
Posicion 9 | Vacia: 1 | Borrada: 0 | Telefono: 0 | Nombre: 
Numero de telefono del contacto: Nombre del contacto: Posicion 0 | Vacia: 0 | Borrada: 0 | Telefono: 600000000 | Nombre: Jose
Posicion 1 | Vacia: 0 | Borrada: 0 | Telefono: 600000001 | Nombre: Luis
Posicion 2 | Vacia: 0 | Borrada: 0 | Telefono: 600000002 | Nombre: Pedro
Posicion 3 | Vacia: 0 | Borrada: 0 | Telefono: 600000003 | Nombre: Juan
Posicion 4 | Vacia: 0 | Borrada: 0 | Telefono: 600000004 | Nombre: Maria
Posicion 5 | Vacia: 0 | Borrada: 0 | Telefono: 600000005 | Nombre: Luisa
Posicion 6 | Vacia: 0 | Borrada: 0 | Telefono: 600000006 | Nombre: Carlos
Posicion 7 | Vacia: 1 | Borrada: 0 | Telefono: 0 | Nombre: 
Posicion 8 | Vacia: 1 | Borrada: 0 | Telefono: 0 | Nombre: 
Posicion 9 | Vacia: 1 | Borrada: 0 | Telefono: 0 | Nombre: 
Numero de telefono del contacto: Nombre del contacto: Posicion 0 | Vacia: 0 | Borrada: 0 | Telefono: 600000000 | Nombre: Jose
Posicion 1 | Vacia: 0 | Borrada: 0 | Telefono: 600000001 | Nombre: Luis
Posicion 2 | Vacia: 0 | Borrada: 0 | Telefono: 600000002 | Nombre: Pedro
Posicion 3 | Vacia: 0 | Borrada: 0 | Telefono: 600000003 | Nombre: Juan
Posicion 4 | Vacia: 0 | Borrada: 0 | Telefono: 600000004 | Nombre: Maria
Posicion 5 | Vacia: 0 | Borrada: 0 | Telefono: 600000005 | Nombre: Luisa
Posicion 6 | Vacia: 0 | Borrada: 0 | Telefono: 600000006 | Nombre: Carlos
Posicion 7 | Vacia: 0 | Borrada: 0 | Telefono: 600000007 | Nombre: Miguel
Posicion 8 | Vacia: 1 | Borrada: 0 | Telefono: 0 | Nombre: 
Posicion 9 | Vacia: 1 | Borrada: 0 | Telefono: 0 | Nombre: 
Numero de telefono del contacto: Nombre del contacto: Posicion 0 | Vacia: 0 | Borrada: 0 | Telefono: 600000000 | Nombre: Jose
Posicion 1 | Vacia: 0 | Borrada: 0 | Telefono: 600000001 | Nombre: Luis
Posicion 2 | Vacia: 0 | Borrada: 0 | Telefono: 600000002 | Nombre: Pedro
Posicion 3 | Vacia: 0 | Borrada: 0 | Telefono: 600000003 | Nombre: Juan
Posicion 4 | Vacia: 0 | Borrada: 0 | Telefono: 600000004 | Nombre: Maria
Posicion 5 | Vacia: 0 | Borrada: 0 | Telefono: 600000005 | Nombre: Luisa
Posicion 6 | Vacia: 0 | Borrada: 0 | Telefono: 600000006 | Nombre: Carlos
Posicion 7 | Vacia: 0 | Borrada: 0 | Telefono: 600000007 | Nombre: Miguel
Posicion 8 | Vacia: 0 | Borrada: 0 | Telefono: 600000008 | Nombre: Elena
Posicion 9 | Vacia: 1 | Borrada: 0 | Telefono: 0 | Nombre: 
Numero de telefono del contacto: Nombre del contacto: Posicion 0 | Vacia: 0 | Borrada: 0 | Telefono: 600000000 | Nombre: Jose
Posicion 1 | Vacia: 0 | Borrada: 0 | Telefono: 600000001 | Nombre: Luis
Posicion 2 | Vacia: 0 | Borrada: 0 | Telefono: 600000002 | Nombre: Pedro
Posicion 3 | Vacia: 0 | Borrada: 0 | Telefono: 600000003 | Nombre: Juan
Posicion 4 | Vacia: 0 | Borrada: 0 | Telefono: 600000004 | Nombre: Maria
Posicion 5 | Vacia: 0 | Borrada: 0 | Telefono: 600000005 | Nombre: Luisa
Posicion 6 | Vacia: 0 | Borrada: 0 | Telefono: 600000006 | Nombre: Carlos
Posicion 7 | Vacia: 0 | Borrada: 0 | Telefono: 600000007 | Nombre: Miguel
Posicion 8 | Vacia: 0 | Borrada: 0 | Telefono: 600000008 | Nombre: Elena
Posicion 9 | Vacia: 0 | Borrada: 0 | Telefono: 600000009 | Nombre: Isabel
Numero de telefono del contacto El contacto NO esta
Numero de telefono del contacto: ERROR
