Indique numero de cajas del supermercado: 
Introducir nuevo usuario
Indique caja: Indique id usuario: 
Introducir nuevo usuario
Indique caja: Indique id usuario: 
Introducir nuevo usuario
Indique caja: Indique id usuario: 
Introducir nuevo usuario
Indique caja: Indique id usuario: 
Introducir nuevo usuario
Indique caja: Indique id usuario: 
Introducir nuevo usuario
Indique caja: Indique id usuario: 
Introducir nuevo usuario
Indique caja: Indique id usuario: 
Introducir nuevo usuario
Indique caja: Indique id usuario: 
Indique caja a cerrar :
Atender usuario en caja: 0
Atender usuario en caja: 2
Atender usuario en caja: 4
Atender usuario en caja: 6
Atender usuario en caja: 1
Atender usuario en caja: 3
Atender usuario en caja: 5
Atender usuario en caja: 7
Atender usuario en caja: VACIA
